// Jest Snapshot v1, https://goo.gl/fbAQLP

exports[`Icon.vue 检测快照是否一样。 1`] = `"这是一个图标组件。"`;
